RAM Allocation
Variable                                                          Address   Size
--------------------------------------------------------------------------------
tempc                                                             0x016F       4
lcd_buff                                                          0x0173      16
Vin                                                               0x0183       4
Rt                                                                0x0187       4
R0                                                                0x018B       4
T0                                                                0x018F       4
Vout                                                              0x0193       4
Rout                                                              0x0197       4
T1                                                                0x019B       4
T2                                                                0x019F       4
RT1                                                               0x01A3       4
RT2                                                               0x01A7       4
beta                                                              0x01AB       4
Rinf                                                              0x01AF       4
_base_y                                                           0x01B3       4
_seed                                                             0x01B7       4

EEPROM Allocation
Variable                                                          Address   Size
--------------------------------------------------------------------------------

Register Allocation
Variable                                                          Register  Size
--------------------------------------------------------------------------------
_lcd_x                                                            R5           1
_lcd_y                                                            R4           1
_lcd_maxx                                                         R7           1
